// Jest Snapshot v1, https://goo.gl/fbAQLP

exports[`<GridItem /> should match snapshot 1`] = `
<div>
  <div
    class="grid__item cursor-pointer"
    data-testid="grid-item"
  >
    <div>
      Bugs Bunny
    </div>
  </div>
</div>
`;
