// Jest Snapshot v1, https://goo.gl/fbAQLP

exports[`<Icon /> should match snapshot 1`] = `
<div>
  <svg
    class="some-class icon"
    data-testid="icon"
  >
    <use
      xlink:href="#undefined"
    />
  </svg>
</div>
`;
